../Core/Inc/sensor_lib/tf-miniLuna-I2C-COMM.h:26:9:i2c_scan_devices	24	static
../Core/Inc/sensor_lib/tf-miniLuna-I2C-COMM.h:43:6:i2c_setup_triggerMode	32	static
../Core/Inc/sensor_lib/tf-miniLuna-I2C-COMM.h:59:6:i2c_reset_device	32	static
../Core/Inc/sensor_lib/tf-miniLuna-I2C-COMM.h:71:6:i2c_reset_freq_MEM	32	static
../Core/Inc/sensor_lib/tf-miniLuna-I2C-COMM.h:83:10:i2c_receive_bus_tfLuna	56	static
../Core/Inc/sensor_lib/tf-miniLuna-I2C-COMM.h:113:10:i2c_receive_bus_tfLuna_	48	static
../Core/Inc/sensor_lib/tf-miniLuna-I2C-COMM.h:144:10:i2c_trigger_sample_tfLuna_	32	static
../Core/Inc/sensor_lib/tf-miniLuna-I2C-COMM.h:165:6:i2c_change_addr_tfluna	32	static
../Core/Inc/sensor_lib/tf-miniLuna-I2C-COMM.h:182:6:i2c_change_addr_tfluna_MEM	32	static
../Core/Inc/sensor_lib/tf-miniLuna-I2C-COMM.h:193:6:i2c_save_settings_tfluna	32	static
../Core/Inc/sensor_lib/tf-miniLuna-I2C-COMM.h:209:6:i2c_save_settings_tfluna_MEM	32	static
../Core/Inc/sensor_lib/tf-miniLuna-I2C-COMM.h:220:6:sensor_take_reading	32	static
../Core/Inc/sensor_lib/tf-miniLuna-I2C-COMM.h:224:5:test_sensor	16	static
../Core/Inc/sensor_lib/tf-miniS-I2C-COMM.h:22:10:i2c_receive_bus_tfminiS	48	static
../Core/Inc/sensor_lib/tf-miniS-I2C-COMM.h:47:10:set_UART_PTL_from_i2c	40	static
../Core/Inc/sensor_lib/tf-miniS-I2C-COMM.h:77:6:i2c_send_cmd	32	static
../Core/Inc/sensor_lib/tf-miniS-I2C-COMM.h:95:6:i2c_change_addr_tfminiS	32	static
../Core/Inc/sensor_lib/tf-miniS-I2C-COMM.h:111:6:i2c_save_settings_tfminiS	32	static
../Core/Inc/sensor_lib/tf-miniS-I2C-COMM.h:127:6:i2c_factory_reset_tfminiS	32	static
../Core/Inc/sensor_lib/sensors_logic.h:59:10:get_valid_laser_dist	24	static
../Core/Inc/sensor_lib/sensors_logic.h:99:6:somethin_med_	40	static
../Core/Inc/sensor_lib/sensors_logic.h:122:7:notify_COMM_STATE	24	static
../Core/Inc/sensor_lib/sensors_logic.h:141:11:stack_median_reading	32	static
../Core/Inc/sensor_lib/sensors_logic.h:156:10:release_median	24	static
../Core/Inc/sensor_lib/sensors_logic.h:170:10:get_median_r	24	static
../Core/Inc/sensor_lib/sensors_logic.h:181:10:UPDATE_median_r	24	static
../Core/Inc/sensor_lib/sensors_logic.h:196:10:release_result	16	static
../Core/Inc/sensor_lib/tf-miniS-UART-COMM.h:20:10:laser_read_UART	32	static
../Core/Inc/sensor_lib/tf-miniS-UART-COMM.h:39:6:setup_i2c_laser_fromUART	24	static
../Core/Src/main.c:94:5:main	16	static
../Core/Src/main.c:199:6:SystemClock_Config	72	static
../Core/Src/main.c:239:13:MX_I2C1_Init	8	static
../Core/Src/main.c:273:13:MX_I2C2_Init	8	static
../Core/Src/main.c:307:13:MX_TIM1_Init	96	static
../Core/Src/main.c:381:13:MX_USART1_UART_Init	8	static
../Core/Src/main.c:414:13:MX_GPIO_Init	40	static
../Core/Src/main.c:471:6:HAL_TIM_PeriodElapsedCallback	16	static
../Core/Src/main.c:477:6:HAL_TIM_PWM_PulseFinishedCallback	16	static
../Core/Src/main.c:489:6:Error_Handler	4	static,ignoring_inline_asm
